[cdn.polyfill.io/v2/polyfill.min.js]
[backblue.gif]
[fade.gif]
[index.html]
[www.bristol.ac.uk/Depts/Info-Office/benj/homepage-2018/code/images/mobile-nav-edge.png]
[www.bristol.ac.uk/homepage/webpack-runtime-94008ea2065b6f4e6c1e.js]
[www.bristol.ac.uk/homepage/app-ebeb2913adf5f616dc22.js]
[www.bristol.ac.uk/homepage/framework-a3883bbb4cf12a9d9ed2.js]
[www.bristol.ac.uk/homepage/styles-e9d24b1846c7d6eb9685.js]
[www.bristol.ac.uk/homepage/component---src-pages-index-tsx-06588604689787e4e627.js]
[www.bristol.ac.uk/homepage/page-data/index/page-data.json]
[www.bristol.ac.uk/homepage/page-data/sq/d/58421182.json]
[www.bristol.ac.uk/homepage/page-data/app-data.json]
[www.datocms-assets.com/7860/1648651835-logo-colour3e99.jpg]
[www.datocms-assets.com/7860/1547810872-city-015d25.jpg]
[www.datocms-assets.com/7860/1543247321-card-belong5d25.jpg]
[www.datocms-assets.com/7860/1547631853-research-engineering-055d25.jpg]
[www.datocms-assets.com/7860/1657026470-community9eba.jpg]
[www.datocms-assets.com/7860/1547720411-research-antarctica9eba.jpg]
[www.bristol.ac.uk/media-library/sites/secretary/documents/policies-and-forms/modern-slavery-statement.pdf]
[www.bristol.ac.uk/homepage/polyfill-65c1eae8b66232200fb0.js]
[www.bristol.ac.uk/index.html]
[www.googletagmanager.com/gtm5445.html]
[www.bristol.ac.uk/favicon.gif]
[www.bristol.ac.uk/styles/t4/responsive/rufus.css]
[www.bristol.ac.uk/styles/t4/responsive/styles.css]
[www.bristol.ac.uk/styles/t4/responsive/print.css]
[www.bristol.ac.uk/styles/t4/responsive/legacy.css]
[www.bristol.ac.uk/styles/t4/responsive/site-specific/study.css]
[www.bristol.ac.uk/scripts/t4/responsive/modernizr.custom.14729.js]
[www.bristol.ac.uk/media-library/protected/images/uob-logo-full-colour-largest-2.png]
[www.bristol.ac.uk/Depts/Info-Office/benj/images/study/study.jpg]
[www.bristol.ac.uk/media-library/sites/study/images/student-at-laptop-in-queens-library.jpg]
[www.bristol.ac.uk/media-library/sites/study/images/moving-in-module-500-175.jpg]
[www.bristol.ac.uk/media-library/sites/study/undergraduate/images/international.jpg]
[www.bristol.ac.uk/media-library/sites/study/undergraduate/images/accommodation.jpg]
[www.bristol.ac.uk/media-library/sites/study/postgraduate/images/homepage/fees.jpg]
[www.bristol.ac.uk/media-library/sites/study/undergraduate/images/why-bristol.jpg]
[www.bristol.ac.uk/study/index.html]
[www.bristol.ac.uk/scripts/t4/responsive/init.min.js]
[www.bristol.ac.uk/media-library/sites/university/images/images-of-the-university.jpg]
[www.bristol.ac.uk/media-library/sites/university/images/university-on-film.jpg]
[www.bristol.ac.uk/media-library/sites/citybristol/images/city-places.jpg]
[www.bristol.ac.uk/university/index.html]
[www.bristol.ac.uk/faculties/index.html]
[www.bristol.ac.uk/scripts/t4/responsive/research-temp.min.js]
[www.bristol.ac.uk/research/index.html]
[our-research.bristol.ac.uk/embed.js]
[www.bristol.ac.uk/media-library/sites/business/images/business-and-partnerships-2020/900 x 385 suspension-bridge-and-balloons.jpg]
[www.bristol.ac.uk/business/index.html]
[www.bristol.ac.uk/scripts/jquery.min.js]
[www.bristol.ac.uk/styles/t4/responsive/news.css]
[www.bristol.ac.uk/media-library/sites/news/2022/october/THE subjects - thumb-1.png]
[www.bristol.ac.uk/media-library/sites/news/2022/october/Electric honeybees-thumb.jpg]
[www.bristol.ac.uk/media-library/sites/news/2022/october/Leverhulme Prize media release thumb.jpg]
[www.bristol.ac.uk/media-library/sites/news/2022/october/amber-thumb.jpg]
[www.bristol.ac.uk/media-library/sites/news/2022/october/Wellspring artwork image 1 thumb.jpg]
[www.bristol.ac.uk/media-library/sites/news/2022/october/Kai - thumb.png]
[www.bristol.ac.uk/media-library/sites/news/2022/october/Rising groundwater image 1 thumb.jpg]
[www.bristol.ac.uk/media-library/sites/news/2022/october/ashby fox c-thumb.jpg]
[www.bristol.ac.uk/media-library/sites/news/2022/october/ST  HIVtestmach-thumb.jpg]
[www.bristol.ac.uk/media-library/sites/news/2022/october/GoodGriefFest-thumb.jpg]
[www.bristol.ac.uk/news/index.html]
[platform.twitter.com/widgets.js]
[www.bristol.ac.uk/people/static/FSRufus-b3fa62850dc1e2d4842f735635c0bce0d41d.eot]
[www.bristol.ac.uk/people/static/FSRufus-44773e1b20ab93a068e6a4810277343c.otf]
[www.bristol.ac.uk/people/static/FSRufus-a0f53588dfefb0d119cddf898f1f9e34.woff]
[www.bristol.ac.uk/people/static/FSRufus-295edb6410499602eab07b6c5d5371bb.ttf]
[www.bristol.ac.uk/people/sitemap/sitemap-index.xml]
[www.bristol.ac.uk/people/manifest.webmanifest]
[www.bristol.ac.uk/people/icons/icon-48x48.png]
[www.bristol.ac.uk/people/icons/icon-72x72.png]
[www.bristol.ac.uk/people/icons/icon-96x96.png]
[www.bristol.ac.uk/people/icons/icon-144x144.png]
[www.bristol.ac.uk/people/icons/icon-192x192.png]
[www.bristol.ac.uk/people/icons/icon-256x256.png]
[www.bristol.ac.uk/people/icons/icon-384x384.png]
[www.bristol.ac.uk/people/icons/icon-512x512.png]
[www.bristol.ac.uk/people/webpack-runtime-1ab270c540499554c4ee.js]
[www.bristol.ac.uk/people/framework-5708e3b913888111b06c.js]
[www.bristol.ac.uk/people/app-e5adbc8118e65ddb7940.js]
[www.bristol.ac.uk/people/421a1c97-ffc338b47e27458705f9.js]
[www.bristol.ac.uk/people/ec01404e2834c87a949ccf9de8c13acc26d92dba-368dcbdd4d406a33d0d9.js]
[www.bristol.ac.uk/people/component---src-pages-index-ts-fe5474ccc5bbcd69e6f5.js]
[www.bristol.ac.uk/people/page-data/index/page-data.json]
[www.bristol.ac.uk/people/page-data/sq/d/2510609168.json]
[www.bristol.ac.uk/people/page-data/sq/d/3397900109.json]
[www.bristol.ac.uk/people/page-data/app-data.json]
[www.bristol.ac.uk/people/polyfill-149a9a8a49f9f6aa82c7.js]
[www.bristol.ac.uk/people/index.html]
[www.bristol.ac.uk/Depts/Info-Office/benj/SIS/sis-bg.jpg]
[www.bristol.ac.uk/students/index.html]
[customer.cludo.com/scripts/bundles/search-script.min.js]
[www.bristol.ac.uk/scripts/jquery.js]
[www.bristol.ac.uk/scripts/datatables/js/jquery.dataTables.min.js]
[www.bristol.ac.uk/staff/index.html]
[www.bristol.ac.uk/media-library/sites/alumni/images/homepage-nonesuch.jpg]
[www.bristol.ac.uk/alumni/index.html]
[www.bristol.ac.uk/media-library/sites/students/new-students/your-bristol-story.png]
[www.bristol.ac.uk/media-library/sites/students/images/three-women-walking-module.jpg]
[www.bristol.ac.uk/media-library/sites/students/new-ug/images/moving-in-module-500-175.jpg]
[www.bristol.ac.uk/media-library/sites/students/images/intro.jpg]
[www.bristol.ac.uk/media-library/sites/students/images/study-education-library-lead-in.jpg]
[www.bristol.ac.uk/students/new/index.html]
[www.bristol.ac.uk/study/postgraduate/visits-open-days/virtual-open-events/sessions/index.html]
[www.bristol.ac.uk/media-library/sites/study/undergraduate/images/central-programme-header-2.jpg]
[www.bristol.ac.uk/study/undergraduate/visits/tours/index.html]
[www.bristol.ac.uk/Depts/Info-Office/benj/global-opps/at-bristol.jpg]
[www.bristol.ac.uk/media-library/sites/city/images/famous-for.jpg]
[www.bristol.ac.uk/media-library/sites/city/images/explore-hoods.jpg]
[www.bristol.ac.uk/media-library/sites/city/images/explore-southwest.jpg]
[www.bristol.ac.uk/media-library/sites/city/images/maps-travel.jpg]
[www.bristol.ac.uk/media-library/sites/city/images/uk-map.png]
[www.bristol.ac.uk/city/index.html]
[www.bristol.ac.uk/media-library/sites/research/images/coronavirus/coronavirus-thumbnail.jpg]
[www.bristol.ac.uk/media-library/sites/research/images/glaciology-research.jpg]
[www.bristol.ac.uk/media-library/sites/research/images/case-studies/danceroom-spectroscopy-500x333-150x100.jpg]
[www.bristol.ac.uk/media-library/sites/research/images/case-studies/disease-resistant-wheat-500x333-150x100.jpg]
[www.bristol.ac.uk/media-library/sites/research/images/case-studies/mixed-treatment-500x333-150x100.jpg]
[www.bristol.ac.uk/media-library/sites/research/images/technology-module-150x100.jpg]
[www.bristol.ac.uk/media-library/sites/research/images/case-studies/elliptic-curves-500x333-150x100.jpg]
[www.bristol.ac.uk/media-library/sites/research/images/case-studies/male-maldives-listing.jpg]
[www.bristol.ac.uk/media-library/sites/research/images/case-studies/raising-school-attainment-500x333-150x100.jpg]
[www.bristol.ac.uk/research/impact/index.html]
[www.bristol.ac.uk/media-library/sites/news/2022/june/wills-thumb.jpg]
[www.bristol.ac.uk/news/2022/june/qs-rankings.html]
[www.bristol.ac.uk/media-library/sites/news/2021/march/Bristol-article.png]
[www.bristol.ac.uk/news/2022/april/qs-subject-rankings.html]
[www.bristol.ac.uk/media-library/sites/news/2022/february/4830_Students in the city_ccexpress.jpg]
[www.bristol.ac.uk/news/2022/february/bristol-grads-third-most-targeted.html]
[www.bristol.ac.uk/city/community/index.html]
[our-research.bristol.ac.uk/community/embed.js]
[www.bristol.ac.uk/contacting-people/index.html]
[www.bristol.ac.uk/media-library/protected/images/module-international.jpg]
[www.bristol.ac.uk/university/media/homepage/2014/module-applicants.jpg]
[www.bristol.ac.uk/connect/index.html]
[www.bristol.ac.uk/university/media/ug/hp-21-images/wires.png]
[www.bristol.ac.uk/university/media/ug/ug-hp-bg-2022.jpg]
[www.bristol.ac.uk/media-library/sites/study/undergraduate/images/ug-homepage/2022-how-to-apply.jpg]
[www.bristol.ac.uk/media-library/sites/study/undergraduate/images/ug-homepage/2022-open-days.jpg]
[www.bristol.ac.uk/media-library/sites/study/undergraduate/images/ug-homepage/2022-entry-requirements.jpg]
[www.bristol.ac.uk/media-library/sites/study/undergraduate/images/ug-homepage/2022-international-students.jpg]
[www.bristol.ac.uk/university/media/ug/lead-gen-image.jpg]
[www.bristol.ac.uk/university/media/ug/lalitha-stories-large.png]
[www.bristol.ac.uk/study/undergraduate/index.html]
[www.bristol.ac.uk/scripts/t4/responsive/study.min.js]
[www.bristol.ac.uk/university/media/ug/module-pg-gradient.jpg]
[www.bristol.ac.uk/university/media/ug/pg-hero-background-2022.png]
[www.bristol.ac.uk/media-library/sites/study/postgraduate/images/homepage/pg-about.jpg]
[www.bristol.ac.uk/media-library/sites/study/postgraduate/images/homepage/visit-module.jpg]
[www.bristol.ac.uk/media-library/sites/study/postgraduate/images/homepage/apply-module.jpg]
[www.bristol.ac.uk/media-library/sites/study/postgraduate/images/homepage/bdc-module.jpg]
[www.bristol.ac.uk/university/media/pg/research-frontiers-pg-homepage1.jpg]
[www.bristol.ac.uk/university/media/postgraduate/student-life.jpg]
[www.bristol.ac.uk/study/postgraduate/index.html]
[www.bristol.ac.uk/media-library/sites/international/images/6971_Students on the harbourside_crop.jpg]
[www.bristol.ac.uk/international/index.html]
[www.bristol.ac.uk/styles/t4/responsive/site-specific/accommodation.css]
[www.bristol.ac.uk/media-library/sites/accommodation/images/accomm-slide-01.jpg]
[www.bristol.ac.uk/media-library/sites/accommodation/images/5604_Student in Goldney Hall bedroom (5)slider2.jpg]
[www.bristol.ac.uk/media-library/sites/accommodation/images/8398_International Photoshoot 2022 (1)slider.jpg]
[www.bristol.ac.uk/media-library/sites/accommodation/images/large - module - badock.jpg]
[www.bristol.ac.uk/media-library/sites/accommodation/images/accommodation-3-500x250 (1).jpg]
[www.bristol.ac.uk/media-library/sites/accommodation/images/large module current students.jpg]
[www.bristol.ac.uk/accommodation/index.html]
[www.bristol.ac.uk/styles/t4/responsive/site-specific/library.css]
[www.bristol.ac.uk/media-library/sites/library/images/library-home-wml-650x250.jpg]
[www.bristol.ac.uk/media-library/sites/library/images/Black-History-Month-Square-Banner.jpg]
[www.bristol.ac.uk/media-library/sites/library/Wills Memorial square.jpg]
[www.bristol.ac.uk/media-library/sites/library/3.png]
[www.bristol.ac.uk/media-library/sites/library/images/subjectsupport1.jpg]
[www.bristol.ac.uk/media-library/sites/library/images/Wellbeing summer lead image SMALL.jpg]
[www.bristol.ac.uk/media-library/sites/library/images/special-collections/sc004832(566x284).jpg]
[www.bristol.ac.uk/media-library/sites/library/images/Elton road view.jpg]
[www.bristol.ac.uk/library/index.html]
[www.bristol.ac.uk/media-library/sites/sport/images/Shuttle bus slider 996x337px.png]
[www.bristol.ac.uk/media-library/sites/sport/images/Bristol SU logo-210x48.jpg]
[www.bristol.ac.uk/media-library/sites/sport/images/logos/rsz_bucs__no_background_.png]
[www.bristol.ac.uk/media-library/sites/sport/images/logos/rsz_lta-tennis-for-britain.png]
[www.bristol.ac.uk/media-library/sites/sport/images/SF_Dark-100x47.png]
[www.bristol.ac.uk/media-library/sites/sport/images/logos/rsz_cimspa-employer-partner-logo-navy-rgb.png]
[www.bristol.ac.uk/media-library/sites/sport/images/logos/rsz_1greenimpact_award_2017_plat-120x105.png]
[www.bristol.ac.uk/media-library/sites/sport/images/logos/rsz_rsz_black_surridge-120x67.png]
[www.bristol.ac.uk/media-library/sites/sport/images/logos/rsz_physical_activity_excellence_award_2018-140x80.png]
[www.bristol.ac.uk/media-library/sites/sport/images/logos/rsz_swim_england_150_years_logo_v3.gif]
[www.bristol.ac.uk/media-library/sites/sport/images/amber logo-65x65.jpg]
[www.bristol.ac.uk/sport/index.html]
[www.bristol.ac.uk/research/faculty/index.html]
[www.bristol.ac.uk/research/impact-stories/index.html]
[www.bristol.ac.uk/research/assessment/index.html]
[www.bristol.ac.uk/research/environment/engagement.html]
[www.bristol.ac.uk/media-library/sites/maps/images/maps-slider-01.jpg]
[www.bristol.ac.uk/media-library/sites/maps/images/bristol-map.jpg]
[www.bristol.ac.uk/media-library/sites/maps/images/open-day-02.jpg]
[www.bristol.ac.uk/media-library/sites/maps/images/c-s-bridge.jpg]
[www.bristol.ac.uk/media-library/sites/maps/images/getting-here-02.jpg]
[www.bristol.ac.uk/maps/index.html]
[www.bristol.ac.uk/media-library/sites/study/images/uob-clifton-campus-aerial-view-500x175.jpg]
[www.bristol.ac.uk/media-library/sites/study/undergraduate/images/open-days.jpg]
[www.bristol.ac.uk/media-library/sites/study/postgraduate/images/pg-open-days.jpg]
[www.bristol.ac.uk/media-library/sites/university/images/wills-tour.jpg]
[www.bristol.ac.uk/university/visit/index.html]
[www.bristol.ac.uk/university/media/events/event-gradient-background.png]
[www.bristol.ac.uk/university/media/events/moon-wmb1200.jpg]
[www.bristol.ac.uk/university/media/opendays/2019/smoke.png]
[www.bristol.ac.uk/university/media/opendays/2019/right-edge-mask.png]
[www.bristol.ac.uk/events/index.html]
[www.bristol.ac.uk/university/governance/universitycommittees/boardoftrustees/index.html]
[calendar.time.ly/embed.js]
[www.bristol.ac.uk/alumni/give-back/index.html]
[www.bristol.ac.uk/media-library/resources/scripts/dependencies/jquery.cycle2.min.js]
[www.bristol.ac.uk/media-library/resources/scripts/sm-slider.min.js]
[www.bristol.ac.uk/scripts/utilities/utilities.js]
[www.bristol.ac.uk/media-library/sites/jobs/images/stone ac slider.png]
[www.bristol.ac.uk/media-library/sites/jobs/images/gardening slider.jpg]
[www.bristol.ac.uk/media-library/sites/jobs/images/library slider.jpg]
[www.bristol.ac.uk/media-library/sites/hr/images/Wills-Pride-Lights_opt (1).jpg]
[www.bristol.ac.uk/media-library/sites/jobs/images/tss.jpg]
[www.bristol.ac.uk/media-library/sites/jobs/images/stonewall logo-95x65.jpg]
[www.bristol.ac.uk/media-library/sites/jobs/images/athena-swan-bronze.jpg]
[www.bristol.ac.uk/media-library/sites/jobs/migrated/images/hrexcellencelogo.jpg]
[www.bristol.ac.uk/media-library/sites/jobs/migrated/images/pwe.jpg]
[www.bristol.ac.uk/media-library/sites/jobs/migrated/images/logo-iip.png]
[www.bristol.ac.uk/media-library/sites/hr/documents/resourcing/Race Equality Charter Logo_opt.png]
[www.bristol.ac.uk/jobs/index.html]
[static.recruitmentplatform.com_443/js/TLK.ready-14.1.js]
[emea3.recruitmentplatform.com/apply-app/static/vanilla-silk/release/1-LATEST/css/cmp-bs.css]
[emea3.recruitmentplatform.com/apply-app/static/vanilla-silk/release/1-LATEST/css/main.css]
[cdn-ui.lumessetalentlink.com/thirdparties/font-awesome/4.7.0/css/font-awesome.min.css]
[emea3.recruitmentplatform.com/apply-app/static/talentportal/release/1-LATEST/talentportal-widgets-namespaced.js]
[cdn-ui.lumessetalentlink.com/thirdparties/jquery/1.12.3/jquery.min.js]
[www.bristol.ac.uk/jobs/find/index.html]
[cdn-ui.lumessetalentlink.com/thirdparties/bootstrap/3.4.1/js/bootstrap.min.js]
[www.bristol.ac.uk/index/index.html]
[www.bristol.ac.uk/index/0/index.html]
[www.bristol.ac.uk/index/a/index.html]
[www.bristol.ac.uk/index/b/index.html]
[www.bristol.ac.uk/index/c/index.html]
[www.bristol.ac.uk/index/d/index.html]
[www.bristol.ac.uk/index/e/index.html]
[www.bristol.ac.uk/index/f/index.html]
[www.bristol.ac.uk/index/g/index.html]
[www.bristol.ac.uk/index/h/index.html]
[www.bristol.ac.uk/index/i/index.html]
[www.bristol.ac.uk/index/j/index.html]
[www.bristol.ac.uk/index/k/index.html]
[www.bristol.ac.uk/index/l/index.html]
[www.bristol.ac.uk/index/m/index.html]
[www.bristol.ac.uk/index/n/index.html]
[www.bristol.ac.uk/index/o/index.html]
[www.bristol.ac.uk/index/p/index.html]
[www.bristol.ac.uk/index/q/index.html]
[www.bristol.ac.uk/index/r/index.html]
[www.bristol.ac.uk/index/s/index.html]
[www.bristol.ac.uk/index/t/index.html]
[www.bristol.ac.uk/index/u/index.html]
[www.bristol.ac.uk/index/v/index.html]
[www.bristol.ac.uk/index/w/index.html]
[www.bristol.ac.uk/index/x/index.html]
[www.bristol.ac.uk/index/y/index.html]
[www.bristol.ac.uk/index/z/index.html]
[www.bristol.ac.uk/index/full/index.html]
[www.bristol.ac.uk/help/index.html]
[www.bristol.ac.uk/style-guides/web/policies/legal/terms/index.html]
[www.bristol.ac.uk/style-guides/web/policies/web-accessibility/index.html]
[www.bristol.ac.uk/style-guides/web/policies/legal/privacy/index.html]
[www.bristol.ac.uk/styles/t4/responsive/fonts/FSRufus.woff2]
[www.bristol.ac.uk/styles/t4/responsive/fonts/FSRufus.woff]
[www.bristol.ac.uk/styles/t4/responsive/fonts/FSRufus.ttf]
[www.bristol.ac.uk/styles/t4/responsive/fonts/FSRufus-Bold.woff2]
[www.bristol.ac.uk/styles/t4/responsive/fonts/FSRufus-Bold.woff]
[www.bristol.ac.uk/styles/t4/responsive/fonts/FSRufus-Bold.ttf]
[www.bristol.ac.uk/styles/t4/responsive/rufus.css]
[www.bristol.ac.uk/styles/t4/responsive/icomoonf483.eot]
[www.bristol.ac.uk/styles/t4/responsive/icomoond41d.eot]
[www.bristol.ac.uk/styles/t4/responsive/icomoonf483.woff]
[www.bristol.ac.uk/styles/t4/responsive/icomoonf483.ttf]
[www.bristol.ac.uk/styles/t4/responsive/styles.css]
[www.bristol.ac.uk/styles/t4/responsive/print.css]
[www.bristol.ac.uk/styles/t4/responsive/legacy.css]
[www.bristol.ac.uk/styles/t4/responsive/site-specific/study.css]
[www.bristol.ac.uk/media-library/sites/currentstudents/images/6670_Maths lecture.jpg]
[www.bristol.ac.uk/students/your-studies/study-2022/index.html]
[www.bristol.ac.uk/media-library/sites/study/undergraduate/images/fees-funding-2020-650x250.jpg]
[www.bristol.ac.uk/study/undergraduate/fees-funding/index.html]
[www.bristol.ac.uk/media-library/sites/study/postgraduate/images/supporting/bdc-about-our-programmes.jpg]
[www.bristol.ac.uk/study/postgraduate/fees-and-funding/index.html]
[www.bristol.ac.uk/applicants/index.html]
[www.bristol.ac.uk/newstudents/index.html]
[www.bristol.ac.uk/media-library/sites/study/images/WAI-logo-blue.png]
[www.bristol.ac.uk/study/brexit/index.html]
[www.bristol.ac.uk/study/short-courses/index.html]
[www.bristol.ac.uk/study/mature/index.html]
[www.bristol.ac.uk/media-library/sites/study/images/6609_Students outside the Victoria Rooms.jpg]
[www.bristol.ac.uk/media-library/sites/study/images/NNECL logo member-500x350.png]
[www.bristol.ac.uk/study/care-leavers/index.html]
[www.bristol.ac.uk/media-library/sites/study/images/students-in-the-city.jpg]
[www.bristol.ac.uk/media-library/sites/study/undergraduate/images/Pledge Logo.jpg]
[www.bristol.ac.uk/study/estranged-students/index.html]
[www.bristol.ac.uk/study/parents/index.html]
[www.bristol.ac.uk/media-library/sites/study/images/Students in PRLT.jpg]
[www.bristol.ac.uk/media-library/sites/study/documents/UoB impact_report_19-20.pdf]
[www.bristol.ac.uk/media-library/sites/study/documents/Read about our Civic Engagement.pdf]
[www.bristol.ac.uk/study/outreach/index.html]
[www.bristol.ac.uk/prospectusrequest/index.html]
[www.bristol.ac.uk/study/contacts/index.html]
[www.bristol.ac.uk/scripts/t4/responsive/local/study-a-z.js]
[www.bristol.ac.uk/study/undergraduate/search/index.html]
[www.bristol.ac.uk/media-library/sites/study/undergraduate/images/visit-days.jpg]
[www.bristol.ac.uk/media-library/sites/study/undergraduate/images/Self-guided tour.jpg]
[www.bristol.ac.uk/media-library/sites/study/images/virtual-tour-500x250.png]
[www.bristol.ac.uk/media-library/sites/study/undergraduate/images/open-days/visits modules-02.jpg]
[www.bristol.ac.uk/media-library/sites/study/undergraduate/images/open-days/visits modules-01.jpg]
[www.bristol.ac.uk/media-library/sites/study/undergraduate/images/open-days/off campus events 500 x 250.jpg]
[www.bristol.ac.uk/media-library/sites/study/undergraduate/images/open-days/int events 500 x 250.jpg]
[www.bristol.ac.uk/media-library/sites/study/undergraduate/images/open-days/visits 2 500 x 250.jpg]
[www.bristol.ac.uk/media-library/sites/study/undergraduate/images/open-days/planyourday-b-250x500.jpg]
[www.bristol.ac.uk/study/undergraduate/visits/index.html]
[www.bristol.ac.uk/assets/responsive-web-project/favicons/apple-touch-icon.png]
[www.bristol.ac.uk/assets/responsive-web-project/favicons/favicon-32x32.png]
[www.bristol.ac.uk/assets/responsive-web-project/favicons/favicon-16x16.png]
[www.bristol.ac.uk/assets/responsive-web-project/favicons/site.webmanifest]
[www.bristol.ac.uk/assets/responsive-web-project/favicons/favicon.ico]
[bristol.ac.uk/assets/pg-programme-search/js/chunk-054f05e7.aade6ac8.js]
[bristol.ac.uk/assets/pg-programme-search/js/chunk-093012f7.631551fa.js]
[bristol.ac.uk/assets/pg-programme-search/js/chunk-2429c0fa.eaa2f4e2.js]
[bristol.ac.uk/assets/pg-programme-search/js/chunk-2d0a34cd.1234590d.js]
[bristol.ac.uk/assets/pg-programme-search/js/chunk-2d20feaa.4d2e4f39.js]
[bristol.ac.uk/assets/pg-programme-search/js/chunk-2d21aed6.b0d07fb6.js]
[bristol.ac.uk/assets/pg-programme-search/js/chunk-2e01c05b.ff0a26d6.js]
[bristol.ac.uk/assets/pg-programme-search/js/chunk-4b55dc42.b7ff8094.js]
[bristol.ac.uk/assets/pg-programme-search/js/chunk-7b8a8a66.6a8d6c5b.js]
[bristol.ac.uk/assets/pg-programme-search/js/chunk-7b8c1bbe.2251dfd4.js]
[bristol.ac.uk/assets/pg-programme-search/js/chunk-7b9f65f9.5cee4974.js]
[bristol.ac.uk/assets/pg-programme-search/js/chunk-8320769a.a26dd8e9.js]
[bristol.ac.uk/assets/pg-programme-search/js/chunk-c2c50296.636f0170.js]
[bristol.ac.uk/assets/pg-programme-search/js/chunk-e3126a9a.8164a4e2.js]
[bristol.ac.uk/assets/pg-programme-search/js/polyfills-core-js.1b2c641f.js]
[bristol.ac.uk/assets/pg-programme-search/js/polyfills-dom.70590cdd.js]
[bristol.ac.uk/assets/pg-programme-search/js/app.313737a1.js]
[bristol.ac.uk/assets/pg-programme-search/js/chunk-vendors.bb0836a8.js]
[www.bristol.ac.uk/assets/responsive-web-project/js/responsive-web-project.js]
[www.bristol.ac.uk/study/postgraduate/search/index.html]
[www.bristol.ac.uk/media-library/sites/study/postgraduate/images/supporting/postgraduate-photoshoot-2021-image-3-students.png]
[www.bristol.ac.uk/media-library/sites/study/postgraduate/images/virtual-open-weel.jpg]
[www.bristol.ac.uk/media-library/sites/study/postgraduate/images/supporting/open-days.jpg]
[www.bristol.ac.uk/media-library/sites/study/postgraduate/images/supporting/off-campus-visits.jpg]
[www.bristol.ac.uk/study/postgraduate/visits-open-days/index.html]
[www.bristol.ac.uk/university/research/index.html]
[www.bristol.ac.uk/university/experience/index.html]
[www.bristol.ac.uk/media-library/sites/green/images/Plogging.png]
[www.bristol.ac.uk/media-library/sites/green/sustainability/images/landing-page-/Bristol Clean Air Zone.jpg]
[www.bristol.ac.uk/media-library/sites/green/websitebanner_compress_1.png]
[www.bristol.ac.uk/media-library/sites/green/documents/policy/UoB Sustainability New Policy Document_v2.pdf]
[www.bristol.ac.uk/media-library/sites/green/documents/UoB_Cutdown_Sustainability_Report 2020-21.pdf]
[www.bristol.ac.uk/media-library/sites/green/sustainability/images/landing-page-/climate emergency.jpg]
[www.bristol.ac.uk/media-library/sites/green/sustainability/images/landing-page-/news landing page.jpg]
[www.bristol.ac.uk/media-library/sites/green/sustainability/images/landing-page-/green labs landing page.jpg]
[www.bristol.ac.uk/media-library/sites/green/images/homepage-involved.jpg]
[www.bristol.ac.uk/media-library/sites/green/sustainability/images/landing-page-/web banner draft 996x337.jpg]
[www.bristol.ac.uk/media-library/sites/green/sustainability/images/landing-page-/P&P award module.jpg]
[www.bristol.ac.uk/media-library/sites/green/sustainability/images/landing-page-/Achilles Carbon Certificate.jpg]
[www.bristol.ac.uk/sustainability/index.html]
[www.bristol.ac.uk/media-library/sites/university/migrated/images/oldphysicsworkshop.jpg]
[www.bristol.ac.uk/media-library/sites/university/migrated/images/studying.jpg]
[www.bristol.ac.uk/university/facts/index.html]
[www.bristol.ac.uk/university/history/index.html]
[www.bristol.ac.uk/media-library/sites/university/images/governance/life-sciences-garden-wall.jpg]
[www.bristol.ac.uk/university/governance/index.html]
[www.bristol.ac.uk/media-library/sites/vote100/images/Staff.jpg]
[www.bristol.ac.uk/media-library/sites/vote100/images/Mary-Paley-sketch.jpg]
[www.bristol.ac.uk/media-library/sites/vote100/images/Professor Christiane Schaffitzel - long.jpg]
[www.bristol.ac.uk/media-library/sites/vote100/images/Women-cheer.jpg]
[www.bristol.ac.uk/media-library/sites/vote100/images/Vote100-research-pic.jpg]
[farm5.staticflickr.com/4843/44183177850_142bc68657_n.jpg]
[www.bristol.ac.uk/women/index.html]
[www.bristol.ac.uk/media-library/sites/university/images/anti-racism/iwd slider.jpg]
[www.bristol.ac.uk/media-library/sites/university/images/anti-racism/history module.jpg]
[www.bristol.ac.uk/media-library/sites/university/images/anti-racism/statement module.jpg]
[www.bristol.ac.uk/media-library/sites/university/images/anti-racism/matthew-module.jpg]
[www.bristol.ac.uk/media-library/sites/university/images/anti-racism/equipment-module.jpg]
[www.bristol.ac.uk/media-library/sites/university/images/anti-racism/training-module.jpg]
[www.bristol.ac.uk/media-library/sites/bame/documents/Be More Empowered Portraits Booklet.pdf]
[www.bristol.ac.uk/university/anti-racism/index.html]
[www.bristol.ac.uk/university/gallery/index.html]
[www.bristol.ac.uk/media-library/sites/university/migrated/images/medscilogo.jpg]
[www.bristol.ac.uk/media-library/sites/university/migrated/images/ba-logo.gif]
[www.bristol.ac.uk/media-library/sites/university/migrated/images/engineering-logo.gif]
[www.bristol.ac.uk/media-library/sites/university/migrated/images/royal-soc.gif]
[www.bristol.ac.uk/media-library/sites/university/images/queens-anniversary.jpg]
[www.bristol.ac.uk/university/distinctions/index.html]
[www.bristol.ac.uk/media-library/sites/university/migrated/images/open-days.jpg]
[www.bristol.ac.uk/university/dates/index.html]
[www.bristol.ac.uk/media-library/sites/university/images/publications/fins2018-cover.jpg]
[www.bristol.ac.uk/media-library/sites/university/images/publications/Review2014-15-cover-web.jpg]
[www.bristol.ac.uk/media-library/sites/university/migrated/images/book-history.jpg]
[www.bristol.ac.uk/media-library/sites/university/migrated/images/issue9-cover.jpg]
[www.bristol.ac.uk/university/publications/index.html]
[www.bristol.ac.uk/media-library/sites/university/images/ranking-reputation/9_Numbers_Ben.png]
[www.bristol.ac.uk/media-library/sites/university/images/ranking-reputation/3-number.png]
[www.bristol.ac.uk/media-library/sites/university/images/ranking-reputation/7_Numbers_Ben.png]
[www.bristol.ac.uk/media-library/sites/university/images/ranking-reputation/1_Numbers_Ben.png]
[www.bristol.ac.uk/media-library/sites/university/images/ranking-reputation/5_Numbers_Ben.png]
[www.bristol.ac.uk/media-library/sites/university/images/ranking-reputation/13_Numbers_Ben.png]
[www.bristol.ac.uk/media-library/sites/university/images/ranking-reputation/26.jpg]
[www.bristol.ac.uk/media-library/sites/university/images/ranking-reputation/£_Numbers_Ben.png]
[www.bristol.ac.uk/university/rankings-reputation/index.html]
[www.bristol.ac.uk/university/media/homepage/2017/hero-ug-01.jpg]
[www.bristol.ac.uk/university/media/campus-heart/bristol-skyline.jpg]
[www.bristol.ac.uk/university/strategy/index.html]
[www.bristol.ac.uk/styles/t4/responsive/colourschemes/bright-purple.css]
[www.bristol.ac.uk/media-library/sites/arts/research/reynard-ref-slider.jpg]
[www.bristol.ac.uk/media-library/sites/arts/faculty/images/arts-slider-02.jpg]
[www.bristol.ac.uk/media-library/sites/arts/faculty/images/arts-matter/School_header_image.jpg]
[www.bristol.ac.uk/media-library/sites/arts/faculty/images/hp-arts-study.jpg]
[www.bristol.ac.uk/media-library/sites/arts/faculty/images/arts-research.jpg]
[www.bristol.ac.uk/media-library/sites/arts/faculty/images/video-snapshot.jpg]
[www.bristol.ac.uk/arts/index.html]
[www.bristol.ac.uk/styles/t4/responsive/colourschemes/dark-blue.css]
[www.bristol.ac.uk/media-library/sites/arts/slider-01.jpg]
[www.bristol.ac.uk/media-library/sites/music/images/Calling2.jpg]
[www.bristol.ac.uk/media-library/sites/arts/slider-02.jpg]
[www.bristol.ac.uk/media-library/sites/arts/study.jpg]
[www.bristol.ac.uk/media-library/sites/arts/research.jpg]
[www.bristol.ac.uk/media-library/sites/arts/people.jpg]
[www.bristol.ac.uk/media-library/sites/arts/school.jpg]
[www.bristol.ac.uk/school-of-arts/index.html]
[www.bristol.ac.uk/styles/t4/responsive/colourschemes/bright-red.css]
[www.bristol.ac.uk/media-library/sites/archanth/images/rsz_plate_5_-_jam_street.jpg]
[www.bristol.ac.uk/media-library/sites/archanth/images/rsz_rolled_out_egg-0.jpg]
[www.bristol.ac.uk/media-library/sites/archanth/images/frogs-article.jpg]
[www.bristol.ac.uk/media-library/sites/archanth/images/study.jpg]
[www.bristol.ac.uk/media-library/sites/archanth/images/research-arch-anth.jpg]
[www.bristol.ac.uk/media-library/sites/archanth/images/43.jpg]
[www.bristol.ac.uk/media-library/sites/archanth/images/conflict-landscapes.jpg]
[www.bristol.ac.uk/media-library/sites/archanth/images/mediterranean iron age.jpg]
[www.bristol.ac.uk/media-library/sites/archanth/images/Rameses III.jpg]
[www.bristol.ac.uk/archanth/news/news-feed.rss]
[www.bristol.ac.uk/media-library/sites/archanth/images/1 Boys siphoning petrol.jpg]
[www.bristol.ac.uk/media-library/sites/archanth/images/engaging-with-public-arch-anth.jpg]
[www.bristol.ac.uk/media-library/sites/archanth/images/children-clay-cameras-amazonia.jpg]
[www.bristol.ac.uk/archanth/index.html]
[www.bristol.ac.uk/styles/t4/responsive/colourschemes/dark-purple.css]
[www.bristol.ac.uk/media-library/sites/film/images/hp-study.jpg]
[www.bristol.ac.uk/media-library/sites/film/images/research.jpg]
